// Jest Snapshot v1, https://goo.gl/fbAQLP

exports[`ManageEcosystem renders 1`] = `ShallowWrapper {}`;
