// Jest Snapshot v1, https://goo.gl/fbAQLP

exports[`BerthMap renders 1`] = `ShallowWrapper {}`;
