// Jest Snapshot v1, https://goo.gl/fbAQLP

exports[`DailyAgenda renders 1`] = `ShallowWrapper {}`;
