// Jest Snapshot v1, https://goo.gl/fbAQLP

exports[`FileWidget renders 1`] = `<div />`;
