// Jest Snapshot v1, https://goo.gl/fbAQLP

exports[`DockItemTarget renders 1`] = `
<a
  className="target-icon-wrapper"
  onMouseLeave={[Function]}
>
  <i
    className="targeting-icon"
    onMouseEnter={[Function]}
  />
</a>
`;
