// Jest Snapshot v1, https://goo.gl/fbAQLP

exports[`BerthForm renders 1`] = `ShallowWrapper {}`;
