// Jest Snapshot v1, https://goo.gl/fbAQLP

exports[`AlertWidget renders 1`] = `<div />`;
