// Jest Snapshot v1, https://goo.gl/fbAQLP

exports[`GroupSorter renders 1`] = `ShallowWrapper {}`;
