// Jest Snapshot v1, https://goo.gl/fbAQLP

exports[`CamerasListPanel renders 1`] = `ShallowWrapper {}`;
