// Jest Snapshot v1, https://goo.gl/fbAQLP

exports[`AccessPointCollection renders 1`] = `ShallowWrapper {}`;
