// Jest Snapshot v1, https://goo.gl/fbAQLP

exports[`AssignmentForm renders 1`] = `ShallowWrapper {}`;
