// Jest Snapshot v1, https://goo.gl/fbAQLP

exports[`EntityEdit renders 1`] = `
<a>
  <i
    className="material-icons"
  >
    edit
  </i>
  <span>
    <Translator
      value="global.profiles.entityProfile.entityEdit.edit"
    />
  </span>
</a>
`;
