// Jest Snapshot v1, https://goo.gl/fbAQLP

exports[`BerthToolbar renders 1`] = `ShallowWrapper {}`;
