// Jest Snapshot v1, https://goo.gl/fbAQLP

exports[`CameraCollection renders 1`] = `ShallowWrapper {}`;
