// Jest Snapshot v1, https://goo.gl/fbAQLP

exports[`BerthSchedule renders 1`] = `ShallowWrapper {}`;
