// Jest Snapshot v1, https://goo.gl/fbAQLP

exports[`RulesWidget renders 1`] = `<div />`;
