// Jest Snapshot v1, https://goo.gl/fbAQLP

exports[`CamerasMapLayers renders 1`] = `ShallowWrapper {}`;
