// Jest Snapshot v1, https://goo.gl/fbAQLP

exports[`BerthSettings renders 1`] = `ShallowWrapper {}`;
