// Jest Snapshot v1, https://goo.gl/fbAQLP

exports[`BerthTimeline renders 1`] = `ShallowWrapper {}`;
