// Jest Snapshot v1, https://goo.gl/fbAQLP

exports[`ManageOrganization renders 1`] = `ShallowWrapper {}`;
