// Jest Snapshot v1, https://goo.gl/fbAQLP

exports[`ColumnAdd renders 1`] = `ShallowWrapper {}`;

exports[`renders 1`] = `ShallowWrapper {}`;
