// Jest Snapshot v1, https://goo.gl/fbAQLP

exports[`LayoutControls renders 1`] = `
<Popover
  anchorOrigin={
    Object {
      "horizontal": "middle",
      "vertical": "top",
    }
  }
  animated={true}
  autoCloseWhenOffScreen={true}
  canAutoPosition={true}
  className="layout-control-popover"
  onRequestClose={[Function]}
  open={true}
  scrollableContainer="window"
  style={
    Object {
      "backgroundColor": "#41454A",
      "width": 340,
    }
  }
  targetOrigin={
    Object {
      "horizontal": "middle",
      "vertical": "top",
    }
  }
  useLayerForClickAway={true}
  zDepth={5}
>
  <Menu
    autoWidth={true}
    desktop={false}
    disableAutoFocus={false}
    initiallyKeyboardFocused={false}
    maxHeight={null}
    multiple={false}
    onChange={[Function]}
    onEscKeyDown={[Function]}
    onItemTouchTap={[Function]}
    onKeyDown={[Function]}
  >
    <div
      className="layout-button-wrapper"
    >
      <RaisedButton
        disabled={false}
        fullWidth={false}
        label="Done"
        labelPosition="after"
        onClick={[Function]}
        primary={true}
        secondary={false}
        style={
          Object {
            "width": "100%",
          }
        }
      />
    </div>
    <sortableList
      axis="y"
      disable={[Function]}
      distance={0}
      enable={[Function]}
      getHelperDimensions={[Function]}
      hideSortableGhost={true}
      lockOffset="50%"
      lockToContainerEdges={false}
      onSortEnd={[Function]}
      pressDelay={0}
      pressThreshold={5}
      shouldCancelStart={[Function]}
      transitionDuration={300}
      useWindowAsScrollContainer={false}
    />
  </Menu>
</Popover>
`;
