// Jest Snapshot v1, https://goo.gl/fbAQLP

exports[`Forgot renders 1`] = `ShallowWrapper {}`;
