// Jest Snapshot v1, https://goo.gl/fbAQLP

exports[`InvalidReset renders 1`] = `ShallowWrapper {}`;
