// Jest Snapshot v1, https://goo.gl/fbAQLP

exports[`Sent renders 1`] = `ShallowWrapper {}`;
