// Jest Snapshot v1, https://goo.gl/fbAQLP

exports[`DockItemTarget renders 1`] = `
<a
  className="target"
  onMouseLeave={[Function]}
>
  <DeviceGpsNotFixed
    onMouseEnter={[Function]}
  />
</a>
`;
