// Jest Snapshot v1, https://goo.gl/fbAQLP

exports[`CameraView renders 1`] = `ShallowWrapper {}`;
