// Jest Snapshot v1, https://goo.gl/fbAQLP

exports[`setInitialPassword renders 1`] = `ShallowWrapper {}`;
