// Jest Snapshot v1, https://goo.gl/fbAQLP

exports[`MapControls renders 1`] = `ShallowWrapper {}`;
