// Jest Snapshot v1, https://goo.gl/fbAQLP

exports[`FacilityMap renders 1`] = `ShallowWrapper {}`;
