// Jest Snapshot v1, https://goo.gl/fbAQLP

exports[`CamerasMap renders 1`] = `ShallowWrapper {}`;
