// Jest Snapshot v1, https://goo.gl/fbAQLP

exports[`UserAccount renders 1`] = `ShallowWrapper {}`;
