// Jest Snapshot v1, https://goo.gl/fbAQLP

exports[`DrawingPanel renders 1`] = `ShallowWrapper {}`;
