// Jest Snapshot v1, https://goo.gl/fbAQLP

exports[`BerthColumn renders 1`] = `ShallowWrapper {}`;
